// Jest Snapshot v1, https://goo.gl/fbAQLP

exports[`Renders Header Introduction 1`] = `
<div
  className="header"
>
  <header>
    <Link
      className="book-title"
      to="/"
    >
      The End of Conflict
    </Link>
    <Nav
      chapters={
        Array [
          Object {
            "slug": "tldr",
            "title": "TLDR;",
          },
        ]
      }
      language="en"
      title="The end of conflict"
    />
  </header>
</div>
`;
