// Jest Snapshot v1, https://goo.gl/fbAQLP

exports[`Renders Header Introduction 1`] = `
<Fragment>
  <header>
    <Link
      className="book-title"
      to="/"
    >
      The End of Conflict
    </Link>
    <Nav
      chapters={
        Array [
          Object {
            "title": "TLDR;",
            "url": "/0",
          },
        ]
      }
      language="en"
      title="The end of conflict"
    />
  </header>
  <h1>
    The end of conflict
  </h1>
</Fragment>
`;
